lynx19gw_motor_control_message_t.pwm_enabled:
lynx19gw_motor_control_message_t.torque_setpoint:
lynx19gw_motor_control_message_t.speed_setpoint:
lynx19gw_motor_control_message_t.max_power_setpoint:
lynx19gw_front_node_status_t.counter:
lynx19gw_front_node_status_t.ready_to_drive:
lynx19gw_rear_node_status_t.counter:
lynx19gw_rear_node_status_t.ready_to_drive:
lynx19gw_autonomous_node_status_t.counter:
lynx19gw_autonomous_node_status_t.ready_to_drive:
lynx19gw_ams_status_t.counter:
lynx19gw_ams_status_t.ready_to_drive:
lynx19gw_apps_1_t.throttle_percentage:
lynx19gw_apps_2_t.throttle_percentage:
lynx19gw_hydraulic_brake_pressure_1_t.hydraulic_pressure:
lynx19gw_hydraulic_brake_pressure_2_t.hydraulic_pressure:
lynx19gw_brake_disk_temp_1_t.brake_disk_temp:
lynx19gw_brake_disk_temp_2_t.brake_disk_temp:
lynx19gw_damper_position_1_t.damper_position:
lynx19gw_damper_position_2_t.damper_position:
lynx19gw_pnuematic_pressure_1_t.pnuematic_pressure:
lynx19gw_pnuematic_pressure_2_t.pnuematic_pressure:
lynx19gw_pnuematic_pressure_3_t.pnuematic_pressure:
lynx19gw_steering_position_1_t.steering_position:
lynx19gw_steering_position_2_t.steering_position:
lynx19gw_test_can_message_1_t.test_message:
lynx19gw_test_can_message_2_t.test_message:
lynx19gw_test_can_message_3_t.test_message:
lynx19gw_safety_layer_t.asms_on:
lynx19gw_safety_layer_t.res_state:
lynx19gw_safety_layer_t.res_stop_signal:
lynx19gw_safety_layer_t.res_go_signal:
lynx19gw_safety_layer_t.res_initialized:
lynx19gw_safety_layer_t.brakes_released:
lynx19gw_safety_layer_t.ts_on:
lynx19gw_safety_layer_t.wait_to_drive:
lynx19gw_safety_layer_t.finished_signal:
lynx19gw_vehicle_speed_t.wheel_front_right:
lynx19gw_vehicle_speed_t.wheel_front_left:
lynx19gw_vehicle_speed_t.wheel_rear_right:
lynx19gw_vehicle_speed_t.wheel_rear_left:
lynx19gw_ebs_t.ebs_state:
lynx19gw_ebs_t.ebs_armed:
lynx19gw_ebs_t.ebs_activated:
lynx19gw_ebs_t.ebs_speaker_on:
lynx19gw_as_mission_t.mission_select:
